#-----------------------------------------------------------
# Vivado v2024.2 (64-bit)
# SW Build 5239630 on Fri Nov 08 22:35:27 MST 2024
# IP Build 5239520 on Sun Nov 10 16:12:51 MST 2024
# SharedData Build 5239561 on Fri Nov 08 14:39:27 MST 2024
# Start of session at: Sun Apr 27 21:15:38 2025
# Process ID         : 4576
# Current directory  : D:/Xilinx/reconfig/wordle_fsm/wordle_fsm.runs/synth_1
# Command line       : vivado.exe -log Wordle_Matcher_HDL.vds -product Vivado -mode batch -messageDb vivado.pb -notrace -source Wordle_Matcher_HDL.tcl
# Log file           : D:/Xilinx/reconfig/wordle_fsm/wordle_fsm.runs/synth_1/Wordle_Matcher_HDL.vds
# Journal file       : D:/Xilinx/reconfig/wordle_fsm/wordle_fsm.runs/synth_1\vivado.jou
# Running On         : Jaskin-Laptop
# Platform           : Windows Server 2016 or Windows 10
# Operating System   : 26100
# Processor Detail   : AMD Ryzen 7 5800H with Radeon Graphics         
# CPU Frequency      : 3194 MHz
# CPU Physical cores : 8
# CPU Logical cores  : 16
# Host memory        : 16474 MB
# Swap memory        : 9396 MB
# Total Virtual      : 25870 MB
# Available Virtual  : 3767 MB
#-----------------------------------------------------------
source Wordle_Matcher_HDL.tcl -notrace
